#
# There is insufficient memory for the Java Runtime Environment to continue.
# Native memory allocation (mmap) failed to map 92274688 bytes for G1 virtual space
# Possible reasons:
#   The system is out of physical RAM or swap space
#   The process is running with CompressedOops enabled, and the Java Heap may be blocking the growth of the native heap
# Possible solutions:
#   Reduce memory load on the system
#   Increase physical memory or swap space
#   Check if swap backing store is full
#   Decrease Java heap size (-Xmx/-Xms)
#   Decrease number of Java threads
#   Decrease Java thread stack sizes (-Xss)
#   Set larger code cache with -XX:ReservedCodeCacheSize=
#   JVM is running with Unscaled Compressed Oops mode in which the Java heap is
#     placed in the first 4GB address space. The Java Heap base address is the
#     maximum limit for the native heap growth. Please use -XX:HeapBaseMinAddress
#     to set the Java Heap base and to place the Java Heap above 4GB virtual address.
# This output file may be truncated or incomplete.
#
#  Out of Memory Error (os_windows.cpp:3603), pid=23712, tid=5272
#
# JRE version: Java(TM) SE Runtime Environment (21.0.6+8) (build 21.0.6+8-LTS-188)
# Java VM: Java HotSpot(TM) 64-Bit Server VM (21.0.6+8-LTS-188, mixed mode, sharing, tiered, compressed oops, compressed class ptrs, g1 gc, windows-amd64)
# No core dump will be written. Minidumps are not enabled by default on client versions of Windows
#

---------------  S U M M A R Y ------------

Command Line: -XX:+ShowCodeDetailsInExceptionMessages -Dspring.jmx.enabled=true -Dmanagement.endpoints.jmx.exposure.include=* -Dspring.application.admin.enabled=true -Dspring.boot.project.name=cozyhavenstay -Djava.rmi.server.hostname=localhost -Dcom.sun.management.jmxremote.port=45556 -Dcom.sun.management.jmxremote.authenticate=false -Dcom.sun.management.jmxremote.ssl=false com.hexa.cozyhavenstay.CozyhavenstayApplication

Host: 11th Gen Intel(R) Core(TM) i5-1135G7 @ 2.40GHz, 8 cores, 7G,  Windows 11 , 64 bit Build 22621 (10.0.22621.5415)
Time: Tue Jul 15 22:12:09 2025 India Standard Time elapsed time: 8.730354 seconds (0d 0h 0m 8s)

---------------  T H R E A D  ---------------

Current thread (0x0000027d19cd0620):  VMThread "VM Thread"          [id=5272, stack(0x00000095af800000,0x00000095af900000) (1024K)]

Stack: [0x00000095af800000,0x00000095af900000]
Native frames: (J=compiled Java code, j=interpreted, Vv=VM code, C=native code)
V  [jvm.dll+0x6ca6d9]
V  [jvm.dll+0x854f51]
V  [jvm.dll+0x85747e]
V  [jvm.dll+0x857b53]
V  [jvm.dll+0x27dcc6]
V  [jvm.dll+0x6c6e55]
V  [jvm.dll+0x6bb9da]
V  [jvm.dll+0x35393a]
V  [jvm.dll+0x35b596]
V  [jvm.dll+0x3adefe]
V  [jvm.dll+0x3ae1a8]
V  [jvm.dll+0x327cbc]
V  [jvm.dll+0x327d47]
V  [jvm.dll+0x36c60c]
V  [jvm.dll+0x36ae5e]
V  [jvm.dll+0x327481]
V  [jvm.dll+0x36a57a]
V  [jvm.dll+0x85d920]
V  [jvm.dll+0x85eca4]
V  [jvm.dll+0x85f1e0]
V  [jvm.dll+0x85f483]
V  [jvm.dll+0x7ff2fb]
V  [jvm.dll+0x6c8dbd]
C  [ucrtbase.dll+0x29333]
C  [KERNEL32.DLL+0x1259d]
C  [ntdll.dll+0x5af78]

VM_Operation (0x00000095b0ff8c80): G1CollectForAllocation, mode: safepoint, requested by thread 0x0000027d601db200


---------------  P R O C E S S  ---------------

Threads class SMR info:
_java_thread_list=0x0000027d19cf17a0, length=24, elements={
0x0000027d7d3d1250, 0x0000027d19ceb8e0, 0x0000027d19cec490, 0x0000027d19ceff00,
0x0000027d19cf0950, 0x0000027d19cf5660, 0x0000027d19cf34e0, 0x0000027d19cf4870,
0x0000027d19d04b90, 0x0000027d5f0c2150, 0x0000027d5f181a90, 0x0000027d5f296f60,
0x0000027d5fa9d1d0, 0x0000027d5f3f6690, 0x0000027d5fa19010, 0x0000027d601daba0,
0x0000027d601db200, 0x0000027d6221a1d0, 0x0000027d6221aef0, 0x0000027d6221a860,
0x0000027d6221b580, 0x0000027d6221bc10, 0x0000027d625ff4e0, 0x0000027d605c2360
}

Java Threads: ( => current thread )
  0x0000027d7d3d1250 JavaThread "main"                              [_thread_blocked, id=23092, stack(0x00000095af100000,0x00000095af200000) (1024K)]
  0x0000027d19ceb8e0 JavaThread "Reference Handler"          daemon [_thread_blocked, id=9620, stack(0x00000095af900000,0x00000095afa00000) (1024K)]
  0x0000027d19cec490 JavaThread "Finalizer"                  daemon [_thread_blocked, id=10288, stack(0x00000095afa00000,0x00000095afb00000) (1024K)]
  0x0000027d19ceff00 JavaThread "Signal Dispatcher"          daemon [_thread_blocked, id=23640, stack(0x00000095afb00000,0x00000095afc00000) (1024K)]
  0x0000027d19cf0950 JavaThread "Attach Listener"            daemon [_thread_blocked, id=23912, stack(0x00000095afc00000,0x00000095afd00000) (1024K)]
  0x0000027d19cf5660 JavaThread "Service Thread"             daemon [_thread_blocked, id=24760, stack(0x00000095afd00000,0x00000095afe00000) (1024K)]
  0x0000027d19cf34e0 JavaThread "Monitor Deflation Thread"   daemon [_thread_blocked, id=27552, stack(0x00000095afe00000,0x00000095aff00000) (1024K)]
  0x0000027d19cf4870 JavaThread "C2 CompilerThread0"         daemon [_thread_blocked, id=28608, stack(0x00000095aff00000,0x00000095b0000000) (1024K)]
  0x0000027d19d04b90 JavaThread "C1 CompilerThread0"         daemon [_thread_blocked, id=12424, stack(0x00000095b0000000,0x00000095b0100000) (1024K)]
  0x0000027d5f0c2150 JavaThread "Common-Cleaner"             daemon [_thread_blocked, id=1120, stack(0x00000095b0100000,0x00000095b0200000) (1024K)]
  0x0000027d5f181a90 JavaThread "Notification Thread"        daemon [_thread_blocked, id=21080, stack(0x00000095b0200000,0x00000095b0300000) (1024K)]
  0x0000027d5f296f60 JavaThread "C2 CompilerThread1"         daemon [_thread_blocked, id=10924, stack(0x00000095b0300000,0x00000095b0400000) (1024K)]
  0x0000027d5fa9d1d0 JavaThread "RMI TCP Accept-0"           daemon [_thread_in_native, id=7876, stack(0x00000095b0400000,0x00000095b0500000) (1024K)]
  0x0000027d5f3f6690 JavaThread "RMI TCP Accept-45556"       daemon [_thread_in_native, id=26088, stack(0x00000095b0500000,0x00000095b0600000) (1024K)]
  0x0000027d5fa19010 JavaThread "RMI TCP Accept-0"           daemon [_thread_in_native, id=24264, stack(0x00000095b0600000,0x00000095b0700000) (1024K)]
  0x0000027d601daba0 JavaThread "Thread-0"                          [_thread_blocked, id=28392, stack(0x00000095b0e00000,0x00000095b0f00000) (1024K)]
  0x0000027d601db200 JavaThread "restartedMain"                     [_thread_blocked, id=2144, stack(0x00000095b0f00000,0x00000095b1000000) (1024K)]
  0x0000027d6221a1d0 JavaThread "mysql-cj-abandoned-connection-cleanup" daemon [_thread_blocked, id=16040, stack(0x00000095b1100000,0x00000095b1200000) (1024K)]
  0x0000027d6221aef0 JavaThread "HikariPool-1:housekeeper"   daemon [_thread_blocked, id=26608, stack(0x00000095b1400000,0x00000095b1500000) (1024K)]
  0x0000027d6221a860 JavaThread "HikariPool-1:connection-adder" daemon [_thread_blocked, id=20368, stack(0x00000095b1500000,0x00000095b1600000) (1024K)]
  0x0000027d6221b580 JavaThread "Catalina-utility-1"                [_thread_blocked, id=22336, stack(0x00000095b1000000,0x00000095b1100000) (1024K)]
  0x0000027d6221bc10 JavaThread "Catalina-utility-2"                [_thread_blocked, id=1124, stack(0x00000095b1600000,0x00000095b1700000) (1024K)]
  0x0000027d625ff4e0 JavaThread "container-0"                       [_thread_blocked, id=17468, stack(0x00000095b1700000,0x00000095b1800000) (1024K)]
  0x0000027d605c2360 JavaThread "C2 CompilerThread2"         daemon [_thread_blocked, id=28236, stack(0x00000095b1800000,0x00000095b1900000) (1024K)]
Total: 24

Other Threads:
=>0x0000027d19cd0620 VMThread "VM Thread"                           [id=5272, stack(0x00000095af800000,0x00000095af900000) (1024K)]
  0x0000027d19cbfd30 WatcherThread "VM Periodic Task Thread"        [id=27668, stack(0x00000095af700000,0x00000095af800000) (1024K)]
  0x0000027d7d42ac70 WorkerThread "GC Thread#0"                     [id=26064, stack(0x00000095af200000,0x00000095af300000) (1024K)]
  0x0000027d5ffd6a70 WorkerThread "GC Thread#1"                     [id=24372, stack(0x00000095b0700000,0x00000095b0800000) (1024K)]
  0x0000027d601a3d80 WorkerThread "GC Thread#2"                     [id=17340, stack(0x00000095b0800000,0x00000095b0900000) (1024K)]
  0x0000027d5f9e8de0 WorkerThread "GC Thread#3"                     [id=17028, stack(0x00000095b0900000,0x00000095b0a00000) (1024K)]
  0x0000027d5fa09c10 WorkerThread "GC Thread#4"                     [id=26132, stack(0x00000095b0a00000,0x00000095b0b00000) (1024K)]
  0x0000027d60014ee0 WorkerThread "GC Thread#5"                     [id=9124, stack(0x00000095b0b00000,0x00000095b0c00000) (1024K)]
  0x0000027d60015280 WorkerThread "GC Thread#6"                     [id=14472, stack(0x00000095b0c00000,0x00000095b0d00000) (1024K)]
  0x0000027d60015a30 WorkerThread "GC Thread#7"                     [id=8656, stack(0x00000095b0d00000,0x00000095b0e00000) (1024K)]
  0x0000027d7d43b150 ConcurrentGCThread "G1 Main Marker"            [id=23172, stack(0x00000095af300000,0x00000095af400000) (1024K)]
  0x0000027d7d43bc50 WorkerThread "G1 Conc#0"                       [id=18884, stack(0x00000095af400000,0x00000095af500000) (1024K)]
  0x0000027d61e08530 WorkerThread "G1 Conc#1"                       [id=27404, stack(0x00000095b1200000,0x00000095b1300000) (1024K)]
  0x0000027d19b8e230 ConcurrentGCThread "G1 Refine#0"               [id=22348, stack(0x00000095af500000,0x00000095af600000) (1024K)]
  0x0000027d19b8ebb0 ConcurrentGCThread "G1 Service"                [id=27040, stack(0x00000095af600000,0x00000095af700000) (1024K)]
Total: 15

Threads with active compile tasks:
C2 CompilerThread0     8754 8150       4       org.antlr.v4.runtime.atn.PredictionContext::mergeSingletons (392 bytes)
C1 CompilerThread0     8754 8170       3       org.antlr.v4.runtime.atn.LexerATNSimulator$SimState::reset (21 bytes)
C2 CompilerThread1     8754 8172       4       org.antlr.v4.runtime.atn.LexerATNSimulator::getEpsilonTarget (288 bytes)
Total: 3

VM state: at safepoint (normal execution)

VM Mutex/Monitor currently owned by a thread:  ([mutex/lock_event])
[0x00007ff96e92de98] Threads_lock - owner thread: 0x0000027d19cd0620
[0x00007ff96e92df98] Heap_lock - owner thread: 0x0000027d601db200

Heap address: 0x0000000085800000, size: 1960 MB, Compressed Oops mode: 32-bit

CDS archive(s) mapped at: [0x0000027d1a000000-0x0000027d1ac90000-0x0000027d1ac90000), size 13172736, SharedBaseAddress: 0x0000027d1a000000, ArchiveRelocationMode: 1.
Compressed class space mapped at: 0x0000027d1b000000-0x0000027d5b000000, reserved size: 1073741824
Narrow klass base: 0x0000027d1a000000, Narrow klass shift: 0, Narrow klass range: 0x100000000

GC Precious Log:
 CardTable entry size: 512
 Card Set container configuration: InlinePtr #cards 5 size 8 Array Of Cards #cards 12 size 40 Howl #buckets 4 coarsen threshold 1843 Howl Bitmap #cards 512 size 80 coarsen threshold 460 Card regions per heap region 1 cards per card region 2048
 CPUs: 8 total, 8 available
 Memory: 7834M
 Large Page Support: Disabled
 NUMA Support: Disabled
 Compressed Oops: Enabled (32-bit)
 Heap Region Size: 1M
 Heap Min Capacity: 8M
 Heap Initial Capacity: 124M
 Heap Max Capacity: 1960M
 Pre-touch: Disabled
 Parallel Workers: 8
 Concurrent Workers: 2
 Concurrent Refinement Workers: 8
 Periodic GC: Disabled

Heap:
 garbage-first heap   total 129024K, used 53499K [0x0000000085800000, 0x0000000100000000)
  region size 1024K, 3 young (3072K), 3 survivors (3072K)
 Metaspace       used 75915K, committed 76608K, reserved 1179648K
  class space    used 10419K, committed 10752K, reserved 1048576K

Heap Regions: E=young(eden), S=young(survivor), O=old, HS=humongous(starts), HC=humongous(continues), CS=collection set, F=free, TAMS=top-at-mark-start, PB=parsable bottom
|   0|0x0000000085800000, 0x0000000085900000, 0x0000000085900000|100%|HS|  |TAMS 0x0000000085900000| PB 0x0000000085800000| Complete 
|   1|0x0000000085900000, 0x0000000085a00000, 0x0000000085a00000|100%|HS|  |TAMS 0x0000000085a00000| PB 0x0000000085900000| Complete 
|   2|0x0000000085a00000, 0x0000000085b00000, 0x0000000085b00000|100%| O|  |TAMS 0x0000000085b00000| PB 0x0000000085a00000| Untracked 
|   3|0x0000000085b00000, 0x0000000085c00000, 0x0000000085c00000|100%| O|  |TAMS 0x0000000085c00000| PB 0x0000000085b00000| Untracked 
|   4|0x0000000085c00000, 0x0000000085d00000, 0x0000000085d00000|100%| O|  |TAMS 0x0000000085d00000| PB 0x0000000085c00000| Untracked 
|   5|0x0000000085d00000, 0x0000000085e00000, 0x0000000085e00000|100%| O|  |TAMS 0x0000000085e00000| PB 0x0000000085d00000| Untracked 
|   6|0x0000000085e00000, 0x0000000085f00000, 0x0000000085f00000|100%| O|  |TAMS 0x0000000085f00000| PB 0x0000000085e00000| Untracked 
|   7|0x0000000085f00000, 0x0000000086000000, 0x0000000086000000|100%| O|  |TAMS 0x0000000086000000| PB 0x0000000085f00000| Untracked 
|   8|0x0000000086000000, 0x0000000086100000, 0x0000000086100000|100%| O|  |TAMS 0x0000000086100000| PB 0x0000000086000000| Untracked 
|   9|0x0000000086100000, 0x0000000086200000, 0x0000000086200000|100%| O|  |TAMS 0x0000000086200000| PB 0x0000000086100000| Untracked 
|  10|0x0000000086200000, 0x0000000086300000, 0x0000000086300000|100%| O|  |TAMS 0x0000000086300000| PB 0x0000000086200000| Untracked 
|  11|0x0000000086300000, 0x0000000086400000, 0x0000000086400000|100%| O|  |TAMS 0x0000000086400000| PB 0x0000000086300000| Untracked 
|  12|0x0000000086400000, 0x0000000086500000, 0x0000000086500000|100%| O|  |TAMS 0x0000000086500000| PB 0x0000000086400000| Untracked 
|  13|0x0000000086500000, 0x0000000086600000, 0x0000000086600000|100%| O|  |TAMS 0x0000000086600000| PB 0x0000000086500000| Untracked 
|  14|0x0000000086600000, 0x0000000086700000, 0x0000000086700000|100%| O|  |TAMS 0x0000000086700000| PB 0x0000000086600000| Untracked 
|  15|0x0000000086700000, 0x0000000086800000, 0x0000000086800000|100%| O|  |TAMS 0x0000000086800000| PB 0x0000000086700000| Untracked 
|  16|0x0000000086800000, 0x0000000086900000, 0x0000000086900000|100%| O|  |TAMS 0x0000000086900000| PB 0x0000000086800000| Untracked 
|  17|0x0000000086900000, 0x0000000086a00000, 0x0000000086a00000|100%| O|  |TAMS 0x0000000086a00000| PB 0x0000000086900000| Untracked 
|  18|0x0000000086a00000, 0x0000000086b00000, 0x0000000086b00000|100%| O|  |TAMS 0x0000000086b00000| PB 0x0000000086a00000| Untracked 
|  19|0x0000000086b00000, 0x0000000086c00000, 0x0000000086c00000|100%| O|  |TAMS 0x0000000086c00000| PB 0x0000000086b00000| Untracked 
|  20|0x0000000086c00000, 0x0000000086d00000, 0x0000000086d00000|100%| O|  |TAMS 0x0000000086d00000| PB 0x0000000086c00000| Untracked 
|  21|0x0000000086d00000, 0x0000000086e00000, 0x0000000086e00000|100%| O|  |TAMS 0x0000000086e00000| PB 0x0000000086d00000| Untracked 
|  22|0x0000000086e00000, 0x0000000086f00000, 0x0000000086f00000|100%| O|  |TAMS 0x0000000086f00000| PB 0x0000000086e00000| Untracked 
|  23|0x0000000086f00000, 0x0000000087000000, 0x0000000087000000|100%| O|  |TAMS 0x0000000087000000| PB 0x0000000086f00000| Untracked 
|  24|0x0000000087000000, 0x0000000087100000, 0x0000000087100000|100%| O|  |TAMS 0x0000000087100000| PB 0x0000000087000000| Untracked 
|  25|0x0000000087100000, 0x0000000087200000, 0x0000000087200000|100%| O|  |TAMS 0x0000000087200000| PB 0x0000000087100000| Untracked 
|  26|0x0000000087200000, 0x0000000087300000, 0x0000000087300000|100%| O|  |TAMS 0x0000000087300000| PB 0x0000000087200000| Untracked 
|  27|0x0000000087300000, 0x0000000087400000, 0x0000000087400000|100%| O|  |TAMS 0x0000000087400000| PB 0x0000000087300000| Untracked 
|  28|0x0000000087400000, 0x0000000087500000, 0x0000000087500000|100%| O|  |TAMS 0x0000000087500000| PB 0x0000000087400000| Untracked 
|  29|0x0000000087500000, 0x0000000087600000, 0x0000000087600000|100%| O|  |TAMS 0x0000000087600000| PB 0x0000000087500000| Untracked 
|  30|0x0000000087600000, 0x00000000876aaac0, 0x0000000087700000| 66%| O|  |TAMS 0x0000000087600000| PB 0x0000000087600000| Untracked 
|  31|0x0000000087700000, 0x0000000087800000, 0x0000000087800000|100%| O|  |TAMS 0x0000000087800000| PB 0x0000000087700000| Untracked 
|  32|0x0000000087800000, 0x0000000087900000, 0x0000000087900000|100%| O|  |TAMS 0x0000000087900000| PB 0x0000000087800000| Untracked 
|  33|0x0000000087900000, 0x0000000087a00000, 0x0000000087a00000|100%| O|  |TAMS 0x0000000087a00000| PB 0x0000000087900000| Untracked 
|  34|0x0000000087a00000, 0x0000000087b00000, 0x0000000087b00000|100%| O|  |TAMS 0x0000000087b00000| PB 0x0000000087a00000| Untracked 
|  35|0x0000000087b00000, 0x0000000087c00000, 0x0000000087c00000|100%| O|  |TAMS 0x0000000087c00000| PB 0x0000000087b00000| Untracked 
|  36|0x0000000087c00000, 0x0000000087c00000, 0x0000000087d00000|  0%| F|  |TAMS 0x0000000087c00000| PB 0x0000000087c00000| Untracked 
|  37|0x0000000087d00000, 0x0000000087e00000, 0x0000000087e00000|100%| O|  |TAMS 0x0000000087e00000| PB 0x0000000087d00000| Untracked 
|  38|0x0000000087e00000, 0x0000000087f00000, 0x0000000087f00000|100%| O|  |TAMS 0x0000000087f00000| PB 0x0000000087e00000| Untracked 
|  39|0x0000000087f00000, 0x0000000088000000, 0x0000000088000000|100%| O|  |TAMS 0x0000000088000000| PB 0x0000000087f00000| Untracked 
|  40|0x0000000088000000, 0x0000000088100000, 0x0000000088100000|100%| O|  |TAMS 0x0000000088100000| PB 0x0000000088000000| Untracked 
|  41|0x0000000088100000, 0x0000000088200000, 0x0000000088200000|100%| O|  |TAMS 0x0000000088200000| PB 0x0000000088100000| Untracked 
|  42|0x0000000088200000, 0x0000000088300000, 0x0000000088300000|100%| O|  |TAMS 0x0000000088300000| PB 0x0000000088200000| Untracked 
|  43|0x0000000088300000, 0x0000000088400000, 0x0000000088400000|100%| O|  |TAMS 0x0000000088400000| PB 0x0000000088300000| Untracked 
|  44|0x0000000088400000, 0x0000000088500000, 0x0000000088500000|100%| O|  |TAMS 0x0000000088500000| PB 0x0000000088400000| Untracked 
|  45|0x0000000088500000, 0x0000000088600000, 0x0000000088600000|100%| O|  |TAMS 0x0000000088600000| PB 0x0000000088500000| Untracked 
|  46|0x0000000088600000, 0x0000000088700000, 0x0000000088700000|100%| O|  |TAMS 0x0000000088700000| PB 0x0000000088600000| Untracked 
|  47|0x0000000088700000, 0x0000000088800000, 0x0000000088800000|100%| O|  |TAMS 0x0000000088800000| PB 0x0000000088700000| Untracked 
|  48|0x0000000088800000, 0x0000000088900000, 0x0000000088900000|100%| O|  |TAMS 0x00000000888edb78| PB 0x0000000088800000| Untracked 
|  49|0x0000000088900000, 0x0000000088900000, 0x0000000088a00000|  0%| F|  |TAMS 0x0000000088900000| PB 0x0000000088900000| Untracked 
|  50|0x0000000088a00000, 0x0000000088a00000, 0x0000000088b00000|  0%| F|  |TAMS 0x0000000088a00000| PB 0x0000000088a00000| Untracked 
|  51|0x0000000088b00000, 0x0000000088b00000, 0x0000000088c00000|  0%| F|  |TAMS 0x0000000088b00000| PB 0x0000000088b00000| Untracked 
|  52|0x0000000088c00000, 0x0000000088c00000, 0x0000000088d00000|  0%| F|  |TAMS 0x0000000088c00000| PB 0x0000000088c00000| Untracked 
|  53|0x0000000088d00000, 0x0000000088d00000, 0x0000000088e00000|  0%| F|  |TAMS 0x0000000088d00000| PB 0x0000000088d00000| Untracked 
|  54|0x0000000088e00000, 0x0000000088e00000, 0x0000000088f00000|  0%| F|  |TAMS 0x0000000088e00000| PB 0x0000000088e00000| Untracked 
|  55|0x0000000088f00000, 0x0000000088f00000, 0x0000000089000000|  0%| F|  |TAMS 0x0000000088f00000| PB 0x0000000088f00000| Untracked 
|  56|0x0000000089000000, 0x0000000089000000, 0x0000000089100000|  0%| F|  |TAMS 0x0000000089000000| PB 0x0000000089000000| Untracked 
|  57|0x0000000089100000, 0x0000000089100000, 0x0000000089200000|  0%| F|  |TAMS 0x0000000089100000| PB 0x0000000089100000| Untracked 
|  58|0x0000000089200000, 0x0000000089200000, 0x0000000089300000|  0%| F|  |TAMS 0x0000000089200000| PB 0x0000000089200000| Untracked 
|  59|0x0000000089300000, 0x0000000089300000, 0x0000000089400000|  0%| F|  |TAMS 0x0000000089300000| PB 0x0000000089300000| Untracked 
|  60|0x0000000089400000, 0x0000000089400000, 0x0000000089500000|  0%| F|  |TAMS 0x0000000089400000| PB 0x0000000089400000| Untracked 
|  61|0x0000000089500000, 0x00000000895941c0, 0x0000000089600000| 57%| S|CS|TAMS 0x0000000089500000| PB 0x0000000089500000| Complete 
|  62|0x0000000089600000, 0x0000000089700000, 0x0000000089700000|100%| S|CS|TAMS 0x0000000089600000| PB 0x0000000089600000| Complete 
|  63|0x0000000089700000, 0x0000000089800000, 0x0000000089800000|100%| S|CS|TAMS 0x0000000089700000| PB 0x0000000089700000| Complete 
|  64|0x0000000089800000, 0x0000000089800000, 0x0000000089900000|  0%| F|  |TAMS 0x0000000089800000| PB 0x0000000089800000| Untracked 
|  65|0x0000000089900000, 0x0000000089900000, 0x0000000089a00000|  0%| F|  |TAMS 0x0000000089900000| PB 0x0000000089900000| Untracked 
|  66|0x0000000089a00000, 0x0000000089a00000, 0x0000000089b00000|  0%| F|  |TAMS 0x0000000089a00000| PB 0x0000000089a00000| Untracked 
|  67|0x0000000089b00000, 0x0000000089b00000, 0x0000000089c00000|  0%| F|  |TAMS 0x0000000089b00000| PB 0x0000000089b00000| Untracked 
|  68|0x0000000089c00000, 0x0000000089c00000, 0x0000000089d00000|  0%| F|  |TAMS 0x0000000089c00000| PB 0x0000000089c00000| Untracked 
|  69|0x0000000089d00000, 0x0000000089d00000, 0x0000000089e00000|  0%| F|  |TAMS 0x0000000089d00000| PB 0x0000000089d00000| Untracked 
|  70|0x0000000089e00000, 0x0000000089e00000, 0x0000000089f00000|  0%| F|  |TAMS 0x0000000089e00000| PB 0x0000000089e00000| Untracked 
|  71|0x0000000089f00000, 0x0000000089f00000, 0x000000008a000000|  0%| F|  |TAMS 0x0000000089f00000| PB 0x0000000089f00000| Untracked 
|  72|0x000000008a000000, 0x000000008a000000, 0x000000008a100000|  0%| F|  |TAMS 0x000000008a000000| PB 0x000000008a000000| Untracked 
|  73|0x000000008a100000, 0x000000008a100000, 0x000000008a200000|  0%| F|  |TAMS 0x000000008a100000| PB 0x000000008a100000| Untracked 
|  74|0x000000008a200000, 0x000000008a200000, 0x000000008a300000|  0%| F|  |TAMS 0x000000008a200000| PB 0x000000008a200000| Untracked 
|  75|0x000000008a300000, 0x000000008a300000, 0x000000008a400000|  0%| F|  |TAMS 0x000000008a300000| PB 0x000000008a300000| Untracked 
|  76|0x000000008a400000, 0x000000008a400000, 0x000000008a500000|  0%| F|  |TAMS 0x000000008a400000| PB 0x000000008a400000| Untracked 
|  77|0x000000008a500000, 0x000000008a500000, 0x000000008a600000|  0%| F|  |TAMS 0x000000008a500000| PB 0x000000008a500000| Untracked 
|  78|0x000000008a600000, 0x000000008a600000, 0x000000008a700000|  0%| F|  |TAMS 0x000000008a600000| PB 0x000000008a600000| Untracked 
|  79|0x000000008a700000, 0x000000008a700000, 0x000000008a800000|  0%| F|  |TAMS 0x000000008a700000| PB 0x000000008a700000| Untracked 
|  80|0x000000008a800000, 0x000000008a800000, 0x000000008a900000|  0%| F|  |TAMS 0x000000008a800000| PB 0x000000008a800000| Untracked 
|  81|0x000000008a900000, 0x000000008a900000, 0x000000008aa00000|  0%| F|  |TAMS 0x000000008a900000| PB 0x000000008a900000| Untracked 
|  82|0x000000008aa00000, 0x000000008aa00000, 0x000000008ab00000|  0%| F|  |TAMS 0x000000008aa00000| PB 0x000000008aa00000| Untracked 
|  83|0x000000008ab00000, 0x000000008ab00000, 0x000000008ac00000|  0%| F|  |TAMS 0x000000008ab00000| PB 0x000000008ab00000| Untracked 
|  84|0x000000008ac00000, 0x000000008ac00000, 0x000000008ad00000|  0%| F|  |TAMS 0x000000008ac00000| PB 0x000000008ac00000| Untracked 
|  85|0x000000008ad00000, 0x000000008ad00000, 0x000000008ae00000|  0%| F|  |TAMS 0x000000008ad00000| PB 0x000000008ad00000| Untracked 
|  86|0x000000008ae00000, 0x000000008ae00000, 0x000000008af00000|  0%| F|  |TAMS 0x000000008ae00000| PB 0x000000008ae00000| Untracked 
|  87|0x000000008af00000, 0x000000008af00000, 0x000000008b000000|  0%| F|  |TAMS 0x000000008af00000| PB 0x000000008af00000| Untracked 
|  88|0x000000008b000000, 0x000000008b000000, 0x000000008b100000|  0%| F|  |TAMS 0x000000008b000000| PB 0x000000008b000000| Untracked 
|  89|0x000000008b100000, 0x000000008b100000, 0x000000008b200000|  0%| F|  |TAMS 0x000000008b100000| PB 0x000000008b100000| Untracked 
|  90|0x000000008b200000, 0x000000008b200000, 0x000000008b300000|  0%| F|  |TAMS 0x000000008b200000| PB 0x000000008b200000| Untracked 
|  91|0x000000008b300000, 0x000000008b300000, 0x000000008b400000|  0%| F|  |TAMS 0x000000008b300000| PB 0x000000008b300000| Untracked 
|  92|0x000000008b400000, 0x000000008b400000, 0x000000008b500000|  0%| F|  |TAMS 0x000000008b400000| PB 0x000000008b400000| Untracked 
|  93|0x000000008b500000, 0x000000008b500000, 0x000000008b600000|  0%| F|  |TAMS 0x000000008b500000| PB 0x000000008b500000| Untracked 
|  94|0x000000008b600000, 0x000000008b600000, 0x000000008b700000|  0%| F|  |TAMS 0x000000008b600000| PB 0x000000008b600000| Untracked 
|  95|0x000000008b700000, 0x000000008b700000, 0x000000008b800000|  0%| F|  |TAMS 0x000000008b700000| PB 0x000000008b700000| Untracked 
|  96|0x000000008b800000, 0x000000008b800000, 0x000000008b900000|  0%| F|  |TAMS 0x000000008b800000| PB 0x000000008b800000| Untracked 
|  97|0x000000008b900000, 0x000000008b900000, 0x000000008ba00000|  0%| F|  |TAMS 0x000000008b900000| PB 0x000000008b900000| Untracked 
|  98|0x000000008ba00000, 0x000000008ba00000, 0x000000008bb00000|  0%| F|  |TAMS 0x000000008ba00000| PB 0x000000008ba00000| Untracked 
|  99|0x000000008bb00000, 0x000000008bb00000, 0x000000008bc00000|  0%| F|  |TAMS 0x000000008bb00000| PB 0x000000008bb00000| Untracked 
| 100|0x000000008bc00000, 0x000000008bc00000, 0x000000008bd00000|  0%| F|  |TAMS 0x000000008bc00000| PB 0x000000008bc00000| Untracked 
| 101|0x000000008bd00000, 0x000000008bd00000, 0x000000008be00000|  0%| F|  |TAMS 0x000000008bd00000| PB 0x000000008bd00000| Untracked 
| 102|0x000000008be00000, 0x000000008be00000, 0x000000008bf00000|  0%| F|  |TAMS 0x000000008be00000| PB 0x000000008be00000| Untracked 
| 103|0x000000008bf00000, 0x000000008bf00000, 0x000000008c000000|  0%| F|  |TAMS 0x000000008bf00000| PB 0x000000008bf00000| Untracked 
| 104|0x000000008c000000, 0x000000008c000000, 0x000000008c100000|  0%| F|  |TAMS 0x000000008c000000| PB 0x000000008c000000| Untracked 
| 105|0x000000008c100000, 0x000000008c100000, 0x000000008c200000|  0%| F|  |TAMS 0x000000008c100000| PB 0x000000008c100000| Untracked 
| 106|0x000000008c200000, 0x000000008c200000, 0x000000008c300000|  0%| F|  |TAMS 0x000000008c200000| PB 0x000000008c200000| Untracked 
| 107|0x000000008c300000, 0x000000008c300000, 0x000000008c400000|  0%| F|  |TAMS 0x000000008c300000| PB 0x000000008c300000| Untracked 
| 108|0x000000008c400000, 0x000000008c400000, 0x000000008c500000|  0%| F|  |TAMS 0x000000008c400000| PB 0x000000008c400000| Untracked 
| 109|0x000000008c500000, 0x000000008c500000, 0x000000008c600000|  0%| F|  |TAMS 0x000000008c500000| PB 0x000000008c500000| Untracked 
| 110|0x000000008c600000, 0x000000008c600000, 0x000000008c700000|  0%| F|  |TAMS 0x000000008c600000| PB 0x000000008c600000| Untracked 
| 111|0x000000008c700000, 0x000000008c700000, 0x000000008c800000|  0%| F|  |TAMS 0x000000008c700000| PB 0x000000008c700000| Untracked 
| 112|0x000000008c800000, 0x000000008c800000, 0x000000008c900000|  0%| F|  |TAMS 0x000000008c800000| PB 0x000000008c800000| Untracked 
| 113|0x000000008c900000, 0x000000008c900000, 0x000000008ca00000|  0%| F|  |TAMS 0x000000008c900000| PB 0x000000008c900000| Untracked 
| 114|0x000000008ca00000, 0x000000008ca00000, 0x000000008cb00000|  0%| F|  |TAMS 0x000000008ca00000| PB 0x000000008ca00000| Untracked 
| 115|0x000000008cb00000, 0x000000008cb00000, 0x000000008cc00000|  0%| F|  |TAMS 0x000000008cb00000| PB 0x000000008cb00000| Untracked 
| 116|0x000000008cc00000, 0x000000008cc00000, 0x000000008cd00000|  0%| F|  |TAMS 0x000000008cc00000| PB 0x000000008cc00000| Untracked 
| 117|0x000000008cd00000, 0x000000008cd00000, 0x000000008ce00000|  0%| F|  |TAMS 0x000000008cd00000| PB 0x000000008cd00000| Untracked 
| 118|0x000000008ce00000, 0x000000008ce00000, 0x000000008cf00000|  0%| F|  |TAMS 0x000000008ce00000| PB 0x000000008ce00000| Untracked 
| 119|0x000000008cf00000, 0x000000008cf00000, 0x000000008d000000|  0%| F|  |TAMS 0x000000008cf00000| PB 0x000000008cf00000| Untracked 
| 120|0x000000008d000000, 0x000000008d000000, 0x000000008d100000|  0%| F|  |TAMS 0x000000008d000000| PB 0x000000008d000000| Untracked 
| 121|0x000000008d100000, 0x000000008d100000, 0x000000008d200000|  0%| F|  |TAMS 0x000000008d100000| PB 0x000000008d100000| Untracked 
| 122|0x000000008d200000, 0x000000008d200000, 0x000000008d300000|  0%| F|  |TAMS 0x000000008d200000| PB 0x000000008d200000| Untracked 
| 123|0x000000008d300000, 0x000000008d300000, 0x000000008d400000|  0%| F|  |TAMS 0x000000008d300000| PB 0x000000008d300000| Untracked 
|1958|0x00000000ffe00000, 0x00000000fff00000, 0x00000000fff00000|100%| O|  |TAMS 0x00000000fff00000| PB 0x00000000ffe00000| Untracked 
|1959|0x00000000fff00000, 0x0000000100000000, 0x0000000100000000|100%| O|  |TAMS 0x0000000100000000| PB 0x00000000fff00000| Untracked 

Card table byte_map: [0x0000027d7db90000,0x0000027d7df70000] _byte_map_base: 0x0000027d7d764000

Marking Bits: (CMBitMap*) 0x0000027d7d42b370
 Bits: [0x0000027d7df70000, 0x0000027d7fe10000)

Polling page: 0x0000027d7cb80000

Metaspace:

Usage:
  Non-class:     63.96 MB used.
      Class:     10.18 MB used.
       Both:     74.14 MB used.

Virtual space:
  Non-class space:      128.00 MB reserved,      64.31 MB ( 50%) committed,  2 nodes.
      Class space:        1.00 GB reserved,      10.50 MB (  1%) committed,  1 nodes.
             Both:        1.12 GB reserved,      74.81 MB (  6%) committed. 

Chunk freelists:
   Non-Class:  14.97 MB
       Class:  5.47 MB
        Both:  20.44 MB

MaxMetaspaceSize: unlimited
CompressedClassSpaceSize: 1.00 GB
Initial GC threshold: 21.00 MB
Current GC threshold: 122.19 MB
CDS: on
 - commit_granule_bytes: 65536.
 - commit_granule_words: 8192.
 - virtual_space_node_default_size: 8388608.
 - enlarge_chunks_in_place: 1.
 - use_allocation_guard: 0.


Internal statistics:

num_allocs_failed_limit: 6.
num_arena_births: 1000.
num_arena_deaths: 0.
num_vsnodes_births: 3.
num_vsnodes_deaths: 0.
num_space_committed: 1197.
num_space_uncommitted: 0.
num_chunks_returned_to_freelist: 6.
num_chunks_taken_from_freelist: 3675.
num_chunk_merges: 3.
num_chunk_splits: 2703.
num_chunks_enlarged: 2136.
num_inconsistent_stats: 0.

CodeHeap 'non-profiled nmethods': size=120000Kb used=4606Kb max_used=4726Kb free=115393Kb
 bounds [0x0000027d0fe90000, 0x0000027d10330000, 0x0000027d173c0000]
CodeHeap 'profiled nmethods': size=120000Kb used=12682Kb max_used=13139Kb free=107317Kb
 bounds [0x0000027d083c0000, 0x0000027d090a0000, 0x0000027d0f8f0000]
CodeHeap 'non-nmethods': size=5760Kb used=1904Kb max_used=1972Kb free=3855Kb
 bounds [0x0000027d0f8f0000, 0x0000027d0fb60000, 0x0000027d0fe90000]
 total_blobs=7618 nmethods=6896 adapters=625
 compilation: enabled
              stopped_count=0, restarted_count=0
 full_count=0

Compilation events (20 events):
Event: 8.718 Thread 0x0000027d5f296f60 nmethod 8168 0x0000027d1023f410 code [0x0000027d1023f5a0, 0x0000027d1023f640]
Event: 8.719 Thread 0x0000027d19d04b90 nmethod 8166% 0x0000027d083f1790 code [0x0000027d083f19e0, 0x0000027d083f2470]
Event: 8.719 Thread 0x0000027d19d04b90 8167 %     3       org.antlr.v4.runtime.misc.FlexibleHashMap::expand @ 61 (151 bytes)
Event: 8.719 Thread 0x0000027d19d04b90 nmethod 8167% 0x0000027d08b45490 code [0x0000027d08b45700, 0x0000027d08b46360]
Event: 8.719 Thread 0x0000027d19d04b90 8165       3       org.antlr.v4.runtime.atn.ATNConfigSet$AbstractConfigHashSet::createBuckets (6 bytes)
Event: 8.719 Thread 0x0000027d19d04b90 nmethod 8165 0x0000027d08643e90 code [0x0000027d08644040, 0x0000027d08644240]
Event: 8.719 Thread 0x0000027d19d04b90 8164       3       org.antlr.v4.runtime.ParserRuleContext::getChild (42 bytes)
Event: 8.719 Thread 0x0000027d19d04b90 nmethod 8164 0x0000027d087e9c10 code [0x0000027d087e9de0, 0x0000027d087ea260]
Event: 8.719 Thread 0x0000027d19d04b90 8159   !   3       org.antlr.v4.runtime.atn.ParserATNSimulator::adaptivePredict (406 bytes)
Event: 8.722 Thread 0x0000027d19d04b90 nmethod 8159 0x0000027d088ef590 code [0x0000027d088efc20, 0x0000027d088f38e0]
Event: 8.722 Thread 0x0000027d19d04b90 8162       1       org.antlr.v4.runtime.Parser::getTokenStream (5 bytes)
Event: 8.722 Thread 0x0000027d19d04b90 nmethod 8162 0x0000027d1023f110 code [0x0000027d1023f2a0, 0x0000027d1023f368]
Event: 8.722 Thread 0x0000027d19d04b90 8163       1       org.antlr.v4.runtime.tree.TerminalNodeImpl::setParent (6 bytes)
Event: 8.722 Thread 0x0000027d19d04b90 nmethod 8163 0x0000027d1023ec90 code [0x0000027d1023ee20, 0x0000027d1023ef30]
Event: 8.722 Thread 0x0000027d19d04b90 8169   !   3       org.antlr.v4.runtime.atn.LexerATNSimulator::match (96 bytes)
Event: 8.723 Thread 0x0000027d19d04b90 nmethod 8169 0x0000027d08876390 code [0x0000027d088765a0, 0x0000027d08876e08]
Event: 8.723 Thread 0x0000027d19d04b90 8171       3       org.antlr.v4.runtime.atn.LexerATNSimulator::execATN (131 bytes)
Event: 8.723 Thread 0x0000027d5f296f60 8172       4       org.antlr.v4.runtime.atn.LexerATNSimulator::getEpsilonTarget (288 bytes)
Event: 8.723 Thread 0x0000027d19d04b90 nmethod 8171 0x0000027d084fcb90 code [0x0000027d084fce00, 0x0000027d084fd880]
Event: 8.724 Thread 0x0000027d19d04b90 8170       3       org.antlr.v4.runtime.atn.LexerATNSimulator$SimState::reset (21 bytes)

GC Heap History (20 events):
Event: 5.642 GC heap after
{Heap after GC invocations=13 (full 0):
 garbage-first heap   total 58368K, used 31154K [0x0000000085800000, 0x0000000100000000)
  region size 1024K, 3 young (3072K), 3 survivors (3072K)
 Metaspace       used 50287K, committed 50944K, reserved 1114112K
  class space    used 6582K, committed 6912K, reserved 1048576K
}
Event: 6.053 GC heap before
{Heap before GC invocations=14 (full 0):
 garbage-first heap   total 58368K, used 50610K [0x0000000085800000, 0x0000000100000000)
  region size 1024K, 22 young (22528K), 3 survivors (3072K)
 Metaspace       used 54390K, committed 55040K, reserved 1114112K
  class space    used 7090K, committed 7360K, reserved 1048576K
}
Event: 6.057 GC heap after
{Heap after GC invocations=15 (full 0):
 garbage-first heap   total 70656K, used 33091K [0x0000000085800000, 0x0000000100000000)
  region size 1024K, 2 young (2048K), 2 survivors (2048K)
 Metaspace       used 54390K, committed 55040K, reserved 1114112K
  class space    used 7090K, committed 7360K, reserved 1048576K
}
Event: 6.644 GC heap before
{Heap before GC invocations=15 (full 0):
 garbage-first heap   total 70656K, used 60739K [0x0000000085800000, 0x0000000100000000)
  region size 1024K, 30 young (30720K), 2 survivors (2048K)
 Metaspace       used 61658K, committed 62336K, reserved 1114112K
  class space    used 8204K, committed 8512K, reserved 1048576K
}
Event: 6.647 GC heap after
{Heap after GC invocations=16 (full 0):
 garbage-first heap   total 70656K, used 33947K [0x0000000085800000, 0x0000000100000000)
  region size 1024K, 3 young (3072K), 3 survivors (3072K)
 Metaspace       used 61658K, committed 62336K, reserved 1114112K
  class space    used 8204K, committed 8512K, reserved 1048576K
}
Event: 7.017 GC heap before
{Heap before GC invocations=16 (full 0):
 garbage-first heap   total 70656K, used 62619K [0x0000000085800000, 0x0000000100000000)
  region size 1024K, 31 young (31744K), 3 survivors (3072K)
 Metaspace       used 65664K, committed 66368K, reserved 1114112K
  class space    used 8767K, committed 9088K, reserved 1048576K
}
Event: 7.020 GC heap after
{Heap after GC invocations=17 (full 0):
 garbage-first heap   total 70656K, used 34857K [0x0000000085800000, 0x0000000100000000)
  region size 1024K, 3 young (3072K), 3 survivors (3072K)
 Metaspace       used 65664K, committed 66368K, reserved 1114112K
  class space    used 8767K, committed 9088K, reserved 1048576K
}
Event: 7.493 GC heap before
{Heap before GC invocations=17 (full 0):
 garbage-first heap   total 70656K, used 62505K [0x0000000085800000, 0x0000000100000000)
  region size 1024K, 30 young (30720K), 3 survivors (3072K)
 Metaspace       used 69904K, committed 70528K, reserved 1114112K
  class space    used 9311K, committed 9600K, reserved 1048576K
}
Event: 7.497 GC heap after
{Heap after GC invocations=18 (full 0):
 garbage-first heap   total 70656K, used 37539K [0x0000000085800000, 0x0000000100000000)
  region size 1024K, 4 young (4096K), 4 survivors (4096K)
 Metaspace       used 69904K, committed 70528K, reserved 1114112K
  class space    used 9311K, committed 9600K, reserved 1048576K
}
Event: 7.981 GC heap before
{Heap before GC invocations=19 (full 0):
 garbage-first heap   total 70656K, used 62115K [0x0000000085800000, 0x0000000100000000)
  region size 1024K, 28 young (28672K), 4 survivors (4096K)
 Metaspace       used 72550K, committed 73216K, reserved 1114112K
  class space    used 9851K, committed 10176K, reserved 1048576K
}
Event: 7.985 GC heap after
{Heap after GC invocations=20 (full 0):
 garbage-first heap   total 70656K, used 39685K [0x0000000085800000, 0x0000000100000000)
  region size 1024K, 3 young (3072K), 3 survivors (3072K)
 Metaspace       used 72550K, committed 73216K, reserved 1114112K
  class space    used 9851K, committed 10176K, reserved 1048576K
}
Event: 8.114 GC heap before
{Heap before GC invocations=20 (full 0):
 garbage-first heap   total 70656K, used 62213K [0x0000000085800000, 0x0000000100000000)
  region size 1024K, 25 young (25600K), 3 survivors (3072K)
 Metaspace       used 72621K, committed 73280K, reserved 1114112K
  class space    used 9858K, committed 10176K, reserved 1048576K
}
Event: 8.119 GC heap after
{Heap after GC invocations=21 (full 0):
 garbage-first heap   total 70656K, used 41556K [0x0000000085800000, 0x0000000100000000)
  region size 1024K, 4 young (4096K), 4 survivors (4096K)
 Metaspace       used 72621K, committed 73280K, reserved 1114112K
  class space    used 9858K, committed 10176K, reserved 1048576K
}
Event: 8.403 GC heap before
{Heap before GC invocations=21 (full 0):
 garbage-first heap   total 70656K, used 61012K [0x0000000085800000, 0x0000000100000000)
  region size 1024K, 24 young (24576K), 4 survivors (4096K)
 Metaspace       used 74410K, committed 75072K, reserved 1114112K
  class space    used 10232K, committed 10560K, reserved 1048576K
}
Event: 8.409 GC heap after
{Heap after GC invocations=22 (full 0):
 garbage-first heap   total 72704K, used 48034K [0x0000000085800000, 0x0000000100000000)
  region size 1024K, 3 young (3072K), 3 survivors (3072K)
 Metaspace       used 74410K, committed 75072K, reserved 1114112K
  class space    used 10232K, committed 10560K, reserved 1048576K
}
Event: 8.483 GC heap before
{Heap before GC invocations=23 (full 0):
 garbage-first heap   total 92160K, used 63394K [0x0000000085800000, 0x0000000100000000)
  region size 1024K, 18 young (18432K), 3 survivors (3072K)
 Metaspace       used 74419K, committed 75136K, reserved 1114112K
  class space    used 10232K, committed 10560K, reserved 1048576K
}
Event: 8.486 GC heap after
{Heap after GC invocations=24 (full 0):
 garbage-first heap   total 92160K, used 50694K [0x0000000085800000, 0x0000000100000000)
  region size 1024K, 3 young (3072K), 3 survivors (3072K)
 Metaspace       used 74419K, committed 75136K, reserved 1114112K
  class space    used 10232K, committed 10560K, reserved 1048576K
}
Event: 8.559 GC heap before
{Heap before GC invocations=24 (full 0):
 garbage-first heap   total 92160K, used 76294K [0x0000000085800000, 0x0000000100000000)
  region size 1024K, 28 young (28672K), 3 survivors (3072K)
 Metaspace       used 74430K, committed 75136K, reserved 1114112K
  class space    used 10232K, committed 10560K, reserved 1048576K
}
Event: 8.563 GC heap after
{Heap after GC invocations=25 (full 0):
 garbage-first heap   total 92160K, used 53708K [0x0000000085800000, 0x0000000100000000)
  region size 1024K, 4 young (4096K), 4 survivors (4096K)
 Metaspace       used 74430K, committed 75136K, reserved 1114112K
  class space    used 10232K, committed 10560K, reserved 1048576K
}
Event: 8.724 GC heap before
{Heap before GC invocations=25 (full 0):
 garbage-first heap   total 92160K, used 77260K [0x0000000085800000, 0x0000000100000000)
  region size 1024K, 28 young (28672K), 4 survivors (4096K)
 Metaspace       used 75915K, committed 76608K, reserved 1179648K
  class space    used 10419K, committed 10752K, reserved 1048576K
}

Dll operation events (11 events):
Event: 0.009 Loaded shared library C:\Program Files\Java\jdk-21\bin\java.dll
Event: 0.045 Loaded shared library C:\Program Files\Java\jdk-21\bin\jsvml.dll
Event: 0.118 Loaded shared library C:\Program Files\Java\jdk-21\bin\jimage.dll
Event: 0.124 Loaded shared library C:\Program Files\Java\jdk-21\bin\net.dll
Event: 0.126 Loaded shared library C:\Program Files\Java\jdk-21\bin\nio.dll
Event: 0.129 Loaded shared library C:\Program Files\Java\jdk-21\bin\zip.dll
Event: 0.192 Loaded shared library C:\Program Files\Java\jdk-21\bin\management.dll
Event: 0.201 Loaded shared library C:\Program Files\Java\jdk-21\bin\management_ext.dll
Event: 0.443 Loaded shared library C:\Program Files\Java\jdk-21\bin\extnet.dll
Event: 1.897 Loaded shared library C:\Program Files\Java\jdk-21\bin\sunmscapi.dll
Event: 4.949 Loaded shared library C:\Program Files\Java\jdk-21\bin\verify.dll

Deoptimization events (20 events):
Event: 8.700 Thread 0x0000027d601db200 Uncommon trap: trap_request=0xffffffbe fr.pc=0x0000027d10207ce0 relative=0x0000000000001b40
Event: 8.700 Thread 0x0000027d601db200 Uncommon trap: reason=profile_predicate action=maybe_recompile pc=0x0000027d10207ce0 method=org.antlr.v4.runtime.atn.PredictionContext.getCachedContext(Lorg/antlr/v4/runtime/atn/PredictionContext;Lorg/antlr/v4/runtime/atn/PredictionContextCache;Ljava/util
Event: 8.700 Thread 0x0000027d601db200 DEOPT PACKING pc=0x0000027d10207ce0 sp=0x00000095b0ffb820
Event: 8.700 Thread 0x0000027d601db200 DEOPT UNPACKING pc=0x0000027d0f947da2 sp=0x00000095b0ffb7d0 mode 2
Event: 8.700 Thread 0x0000027d601db200 Uncommon trap: trap_request=0xffffffbe fr.pc=0x0000027d10207ce0 relative=0x0000000000001b40
Event: 8.700 Thread 0x0000027d601db200 Uncommon trap: reason=profile_predicate action=maybe_recompile pc=0x0000027d10207ce0 method=org.antlr.v4.runtime.atn.PredictionContext.getCachedContext(Lorg/antlr/v4/runtime/atn/PredictionContext;Lorg/antlr/v4/runtime/atn/PredictionContextCache;Ljava/util
Event: 8.700 Thread 0x0000027d601db200 DEOPT PACKING pc=0x0000027d10207ce0 sp=0x00000095b0ffb760
Event: 8.700 Thread 0x0000027d601db200 DEOPT UNPACKING pc=0x0000027d0f947da2 sp=0x00000095b0ffb728 mode 2
Event: 8.700 Thread 0x0000027d601db200 Uncommon trap: trap_request=0xffffffbe fr.pc=0x0000027d10204148 relative=0x0000000000001f88
Event: 8.700 Thread 0x0000027d601db200 Uncommon trap: reason=profile_predicate action=maybe_recompile pc=0x0000027d10204148 method=org.antlr.v4.runtime.atn.PredictionContext.getCachedContext(Lorg/antlr/v4/runtime/atn/PredictionContext;Lorg/antlr/v4/runtime/atn/PredictionContextCache;Ljava/util
Event: 8.700 Thread 0x0000027d601db200 DEOPT PACKING pc=0x0000027d10204148 sp=0x00000095b0ffb8b0
Event: 8.700 Thread 0x0000027d601db200 DEOPT UNPACKING pc=0x0000027d0f947da2 sp=0x00000095b0ffb7e0 mode 2
Event: 8.703 Thread 0x0000027d601db200 Uncommon trap: trap_request=0xffffff45 fr.pc=0x0000027d102cb558 relative=0x0000000000000f98
Event: 8.703 Thread 0x0000027d601db200 Uncommon trap: reason=unstable_if action=reinterpret pc=0x0000027d102cb558 method=org.antlr.v4.runtime.atn.PredictionContext.mergeRoot(Lorg/antlr/v4/runtime/atn/SingletonPredictionContext;Lorg/antlr/v4/runtime/atn/SingletonPredictionContext;Z)Lorg/antlr/v
Event: 8.703 Thread 0x0000027d601db200 DEOPT PACKING pc=0x0000027d102cb558 sp=0x00000095b0ff9c10
Event: 8.703 Thread 0x0000027d601db200 DEOPT UNPACKING pc=0x0000027d0f947da2 sp=0x00000095b0ff9b28 mode 2
Event: 8.708 Thread 0x0000027d601db200 Uncommon trap: trap_request=0xffffff45 fr.pc=0x0000027d101c4f30 relative=0x0000000000000090
Event: 8.708 Thread 0x0000027d601db200 Uncommon trap: reason=unstable_if action=reinterpret pc=0x0000027d101c4f30 method=org.antlr.v4.runtime.atn.PredictionContext.mergeRoot(Lorg/antlr/v4/runtime/atn/SingletonPredictionContext;Lorg/antlr/v4/runtime/atn/SingletonPredictionContext;Z)Lorg/antlr/v
Event: 8.708 Thread 0x0000027d601db200 DEOPT PACKING pc=0x0000027d101c4f30 sp=0x00000095b0ffa400
Event: 8.708 Thread 0x0000027d601db200 DEOPT UNPACKING pc=0x0000027d0f947da2 sp=0x00000095b0ffa368 mode 2

Classes loaded (20 events):
Event: 7.417 Loading class javax/net/ssl/SSLException
Event: 7.417 Loading class javax/net/ssl/SSLException done
Event: 7.431 Loading class java/nio/channels/CompletionHandler
Event: 7.432 Loading class java/nio/channels/CompletionHandler done
Event: 7.525 Loading class java/lang/invoke/MethodHandleImpl$CountingWrapper$1
Event: 7.525 Loading class java/lang/invoke/MethodHandleImpl$CountingWrapper$1 done
Event: 7.537 Loading class sun/reflect/ReflectionFactory
Event: 7.538 Loading class sun/reflect/ReflectionFactory done
Event: 7.538 Loading class sun/reflect/ReflectionFactory$1
Event: 7.538 Loading class sun/reflect/ReflectionFactory$1 done
Event: 7.538 Loading class java/io/OptionalDataException
Event: 7.538 Loading class java/io/OptionalDataException done
Event: 7.687 Loading class sun/reflect/annotation/AnnotationInvocationHandler$1
Event: 7.687 Loading class sun/reflect/annotation/AnnotationInvocationHandler$1 done
Event: 7.711 Loading class java/lang/invoke/SerializedLambda
Event: 7.711 Loading class java/lang/invoke/SerializedLambda done
Event: 7.759 Loading class java/util/EmptyStackException
Event: 7.760 Loading class java/util/EmptyStackException done
Event: 7.879 Loading class java/io/InvalidClassException
Event: 7.879 Loading class java/io/InvalidClassException done

Classes unloaded (0 events):
No events

Classes redefined (0 events):
No events

Internal exceptions (20 events):
Event: 6.889 Thread 0x0000027d601db200 Exception <a 'java/lang/IncompatibleClassChangeError'{0x00000000888a46c8}: Found class java.lang.Object, but interface was expected> (0x00000000888a46c8) 
thrown [s\open\src\hotspot\share\interpreter\linkResolver.cpp, line 840]
Event: 6.911 Thread 0x0000027d601db200 Exception <a 'java/lang/IncompatibleClassChangeError'{0x00000000887b80d8}: Found class java.lang.Object, but interface was expected> (0x00000000887b80d8) 
thrown [s\open\src\hotspot\share\interpreter\linkResolver.cpp, line 840]
Event: 6.922 Thread 0x0000027d601db200 Exception <a 'java/lang/NoSuchMethodError'{0x000000008864cf80}: 'java.lang.Object java.lang.invoke.DirectMethodHandle$Holder.newInvokeSpecial(java.lang.Object, java.lang.Object, int, java.lang.Object, int, java.lang.Object, java.lang.Object)'> (0x000000008864cf80) 
thrown [s\open\src\hotspot\share\interpreter\linkResolver.cpp, line 773]
Event: 6.932 Thread 0x0000027d601db200 Exception <a 'java/lang/NoSuchMethodError'{0x00000000886c3880}: 'java.lang.Object java.lang.invoke.DirectMethodHandle$Holder.newInvokeSpecial(java.lang.Object, java.lang.Object, java.lang.Object, java.lang.Object, java.lang.Object, java.lang.Object, java.lang.Object, int)'> (0x00000000886c3880) 
thrown [s\open\src\hotspot\share\interpreter\linkResolver.cpp, line 773]
Event: 6.932 Thread 0x0000027d601db200 Exception <a 'java/lang/NoSuchMethodError'{0x00000000886c85b8}: 'java.lang.Object java.lang.invoke.DirectMethodHandle$Holder.invokeSpecial(java.lang.Object, java.lang.Object, java.lang.Object, java.lang.Object, java.lang.Object, java.lang.Object, java.lang.Object, java.lang.Object, int)'> (0x00000000886c85b8) 
thrown [s\open\src\hotspot\share\interpreter\linkResolver.cpp, line 773]
Event: 6.932 Thread 0x0000027d601db200 Exception <a 'java/lang/NoSuchMethodError'{0x00000000886ccda8}: 'java.lang.Object java.lang.invoke.Invokers$Holder.linkToTargetMethod(java.lang.Object, java.lang.Object, java.lang.Object, java.lang.Object, java.lang.Object, java.lang.Object, int, java.lang.Object)'> (0x00000000886ccda8) 
thrown [s\open\src\hotspot\share\interpreter\linkResolver.cpp, line 773]
Event: 7.052 Thread 0x0000027d601db200 Implicit null exception at 0x0000027d101d03d0 to 0x0000027d101d2f2c
Event: 7.059 Thread 0x0000027d601db200 Exception <a 'java/lang/IncompatibleClassChangeError'{0x000000008af84980}: Found class java.lang.Object, but interface was expected> (0x000000008af84980) 
thrown [s\open\src\hotspot\share\interpreter\linkResolver.cpp, line 840]
Event: 7.093 Thread 0x0000027d601db200 Implicit null exception at 0x0000027d10290d77 to 0x0000027d10290fe0
Event: 7.116 Thread 0x0000027d601db200 Exception <a 'java/lang/IncompatibleClassChangeError'{0x000000008ad70bb0}: Found class java.lang.Object, but interface was expected> (0x000000008ad70bb0) 
thrown [s\open\src\hotspot\share\interpreter\linkResolver.cpp, line 840]
Event: 7.287 Thread 0x0000027d601db200 Exception <a 'java/lang/IncompatibleClassChangeError'{0x0000000088d7cf38}: Found class java.lang.Object, but interface was expected> (0x0000000088d7cf38) 
thrown [s\open\src\hotspot\share\interpreter\linkResolver.cpp, line 840]
Event: 7.342 Thread 0x0000027d601db200 Exception <a 'java/lang/IncompatibleClassChangeError'{0x0000000088a1f2c8}: Found class java.lang.Object, but interface was expected> (0x0000000088a1f2c8) 
thrown [s\open\src\hotspot\share\interpreter\linkResolver.cpp, line 840]
Event: 7.342 Thread 0x0000027d601db200 Exception <a 'java/lang/IncompatibleClassChangeError'{0x0000000088a26570}: Found class java.lang.Object, but interface was expected> (0x0000000088a26570) 
thrown [s\open\src\hotspot\share\interpreter\linkResolver.cpp, line 840]
Event: 7.432 Thread 0x0000027d601db200 Exception <a 'java/lang/NoSuchMethodError'{0x00000000885adb78}: 'long java.lang.invoke.DirectMethodHandle$Holder.invokeVirtual(java.lang.Object, java.lang.Object)'> (0x00000000885adb78) 
thrown [s\open\src\hotspot\share\interpreter\linkResolver.cpp, line 773]
Event: 7.436 Thread 0x0000027d601db200 Exception <a 'java/io/FileNotFoundException'{0x00000000885d4da8}> (0x00000000885d4da8) 
thrown [s\open\src\hotspot\share\prims\jni.cpp, line 520]
Event: 7.465 Thread 0x0000027d601db200 Exception <a 'java/lang/NoSuchMethodError'{0x00000000883285c8}: 'void java.lang.invoke.DirectMethodHandle$Holder.invokeVirtual(java.lang.Object, java.lang.Object, long)'> (0x00000000883285c8) 
thrown [s\open\src\hotspot\share\interpreter\linkResolver.cpp, line 773]
Event: 7.516 Thread 0x0000027d601db200 Exception <a 'java/lang/NoSuchMethodError'{0x000000008b076ea0}: 'int java.lang.invoke.DirectMethodHandle$Holder.invokeStaticInit(java.lang.Object, int, java.lang.Object, java.lang.Object, java.lang.Object, java.lang.Object)'> (0x000000008b076ea0) 
thrown [s\open\src\hotspot\share\interpreter\linkResolver.cpp, line 773]
Event: 7.638 Thread 0x0000027d601db200 Exception <a 'java/io/FileNotFoundException'{0x000000008ac57db0}> (0x000000008ac57db0) 
thrown [s\open\src\hotspot\share\prims\jni.cpp, line 520]
Event: 7.639 Thread 0x0000027d601db200 Exception <a 'java/io/FileNotFoundException'{0x000000008ac61de8}> (0x000000008ac61de8) 
thrown [s\open\src\hotspot\share\prims\jni.cpp, line 520]
Event: 7.685 Thread 0x0000027d601db200 Exception <a 'java/lang/NoSuchMethodError'{0x00000000893fb458}: 'java.lang.Object java.lang.invoke.DirectMethodHandle$Holder.newInvokeSpecial(java.lang.Object, java.lang.Object, java.lang.Object, java.lang.Object, java.lang.Object, java.lang.Object, java.lang.Object, java.lang.Object)'> (0x00000000893fb458) 
thrown [s\open\src\hotspot\share\interpreter\linkResolver.cpp, line 773]

ZGC Phase Switch (0 events):
No events

VM Operations (20 events):
Event: 7.894 Executing VM operation: HandshakeAllThreads (Deoptimize) done
Event: 7.981 Executing VM operation: G1CollectForAllocation (G1 Evacuation Pause)
Event: 7.985 Executing VM operation: G1CollectForAllocation (G1 Evacuation Pause) done
Event: 8.011 Executing VM operation: HandshakeAllThreads (Deoptimize)
Event: 8.011 Executing VM operation: HandshakeAllThreads (Deoptimize) done
Event: 8.114 Executing VM operation: G1CollectForAllocation (G1 Evacuation Pause)
Event: 8.119 Executing VM operation: G1CollectForAllocation (G1 Evacuation Pause) done
Event: 8.403 Executing VM operation: G1CollectForAllocation (G1 Evacuation Pause)
Event: 8.409 Executing VM operation: G1CollectForAllocation (G1 Evacuation Pause) done
Event: 8.453 Executing VM operation: G1PauseRemark
Event: 8.458 Executing VM operation: G1PauseRemark done
Event: 8.481 Executing VM operation: G1PauseCleanup
Event: 8.481 Executing VM operation: G1PauseCleanup done
Event: 8.483 Executing VM operation: G1CollectForAllocation (G1 Evacuation Pause)
Event: 8.486 Executing VM operation: G1CollectForAllocation (G1 Evacuation Pause) done
Event: 8.559 Executing VM operation: G1CollectForAllocation (G1 Evacuation Pause)
Event: 8.563 Executing VM operation: G1CollectForAllocation (G1 Evacuation Pause) done
Event: 8.620 Executing VM operation: HandshakeAllThreads (Deoptimize)
Event: 8.620 Executing VM operation: HandshakeAllThreads (Deoptimize) done
Event: 8.724 Executing VM operation: G1CollectForAllocation (G1 Evacuation Pause)

Events (20 events):
Event: 8.457 Thread 0x0000027d19cd0620 flushing nmethod 0x0000027d08527c90
Event: 8.457 Thread 0x0000027d19cd0620 flushing nmethod 0x0000027d0852a190
Event: 8.457 Thread 0x0000027d19cd0620 flushing nmethod 0x0000027d08763e10
Event: 8.457 Thread 0x0000027d19cd0620 flushing nmethod 0x0000027d08765a10
Event: 8.457 Thread 0x0000027d19cd0620 flushing nmethod 0x0000027d08767590
Event: 8.457 Thread 0x0000027d19cd0620 flushing nmethod 0x0000027d08777b90
Event: 8.457 Thread 0x0000027d19cd0620 flushing nmethod 0x0000027d0877a590
Event: 8.457 Thread 0x0000027d19cd0620 flushing nmethod 0x0000027d0877d010
Event: 8.457 Thread 0x0000027d19cd0620 flushing nmethod 0x0000027d0877d810
Event: 8.457 Thread 0x0000027d19cd0620 flushing nmethod 0x0000027d0877dc90
Event: 8.457 Thread 0x0000027d19cd0620 flushing nmethod 0x0000027d0896c490
Event: 8.457 Thread 0x0000027d19cd0620 flushing nmethod 0x0000027d08986310
Event: 8.457 Thread 0x0000027d19cd0620 flushing nmethod 0x0000027d08b45490
Event: 8.457 Thread 0x0000027d19cd0620 flushing nmethod 0x0000027d08b85010
Event: 8.457 Thread 0x0000027d19cd0620 flushing nmethod 0x0000027d08b85a90
Event: 8.457 Thread 0x0000027d19cd0620 flushing nmethod 0x0000027d08bb7710
Event: 8.457 Thread 0x0000027d19cd0620 flushing nmethod 0x0000027d08bbe610
Event: 8.457 Thread 0x0000027d19cd0620 flushing nmethod 0x0000027d08ec7890
Event: 8.457 Thread 0x0000027d19cd0620 flushing nmethod 0x0000027d08ec7c90
Event: 8.457 Thread 0x0000027d19cd0620 flushing nmethod 0x0000027d08f96a10


Dynamic libraries:
0x00007ff681d30000 - 0x00007ff681d40000 	C:\Program Files\Java\jdk-21\bin\java.exe
0x00007ff9d3d70000 - 0x00007ff9d3f87000 	C:\WINDOWS\SYSTEM32\ntdll.dll
0x00007ff9d2b10000 - 0x00007ff9d2bd4000 	C:\WINDOWS\System32\KERNEL32.DLL
0x00007ff9d1270000 - 0x00007ff9d1642000 	C:\WINDOWS\System32\KERNELBASE.dll
0x00007ff9d1830000 - 0x00007ff9d1941000 	C:\WINDOWS\System32\ucrtbase.dll
0x00007ff9b1790000 - 0x00007ff9b17a9000 	C:\Program Files\Java\jdk-21\bin\jli.dll
0x00007ff9d1e00000 - 0x00007ff9d1eb1000 	C:\WINDOWS\System32\ADVAPI32.dll
0x00007ff9d29d0000 - 0x00007ff9d2a77000 	C:\WINDOWS\System32\msvcrt.dll
0x00007ff9d3750000 - 0x00007ff9d37f8000 	C:\WINDOWS\System32\sechost.dll
0x00007ff9d1090000 - 0x00007ff9d10b8000 	C:\WINDOWS\System32\bcrypt.dll
0x00007ff9d1ce0000 - 0x00007ff9d1df4000 	C:\WINDOWS\System32\RPCRT4.dll
0x00007ff9d39a0000 - 0x00007ff9d3b51000 	C:\WINDOWS\System32\USER32.dll
0x00007ff9d19d0000 - 0x00007ff9d19f6000 	C:\WINDOWS\System32\win32u.dll
0x00007ff9d2100000 - 0x00007ff9d2129000 	C:\WINDOWS\System32\GDI32.dll
0x00007ff9b3140000 - 0x00007ff9b33db000 	C:\WINDOWS\WinSxS\amd64_microsoft.windows.common-controls_6595b64144ccf1df_6.0.22621.5547_none_27104afb73855772\COMCTL32.dll
0x00007ff9d1140000 - 0x00007ff9d1263000 	C:\WINDOWS\System32\gdi32full.dll
0x00007ff9d1790000 - 0x00007ff9d182a000 	C:\WINDOWS\System32\msvcp_win.dll
0x00007ff9a3910000 - 0x00007ff9a392b000 	C:\Program Files\Java\jdk-21\bin\VCRUNTIME140.dll
0x00007ff9c9d30000 - 0x00007ff9c9d3a000 	C:\WINDOWS\SYSTEM32\VERSION.dll
0x00007ff9d3800000 - 0x00007ff9d3831000 	C:\WINDOWS\System32\IMM32.DLL
0x00007ff9b47e0000 - 0x00007ff9b47ec000 	C:\Program Files\Java\jdk-21\bin\vcruntime140_1.dll
0x00007ff99c9c0000 - 0x00007ff99ca4e000 	C:\Program Files\Java\jdk-21\bin\msvcp140.dll
0x00007ff96dcf0000 - 0x00007ff96ea0a000 	C:\Program Files\Java\jdk-21\bin\server\jvm.dll
0x00007ff9d3b60000 - 0x00007ff9d3bd1000 	C:\WINDOWS\System32\WS2_32.dll
0x00007ff9d0d30000 - 0x00007ff9d0d7d000 	C:\WINDOWS\SYSTEM32\POWRPROF.dll
0x00007ff9c9e50000 - 0x00007ff9c9e84000 	C:\WINDOWS\SYSTEM32\WINMM.dll
0x00007ff9d0d10000 - 0x00007ff9d0d23000 	C:\WINDOWS\SYSTEM32\UMPDC.dll
0x00007ff9cfe90000 - 0x00007ff9cfea8000 	C:\WINDOWS\SYSTEM32\kernel.appcore.dll
0x00007ff9b44d0000 - 0x00007ff9b44da000 	C:\Program Files\Java\jdk-21\bin\jimage.dll
0x00007ff9ce7c0000 - 0x00007ff9ce9f3000 	C:\WINDOWS\SYSTEM32\DBGHELP.DLL
0x00007ff9d2130000 - 0x00007ff9d24c3000 	C:\WINDOWS\System32\combase.dll
0x00007ff9d3be0000 - 0x00007ff9d3cb7000 	C:\WINDOWS\System32\OLEAUT32.dll
0x00007ff9b2b40000 - 0x00007ff9b2b72000 	C:\WINDOWS\SYSTEM32\dbgcore.DLL
0x00007ff9d10c0000 - 0x00007ff9d113b000 	C:\WINDOWS\System32\bcryptPrimitives.dll
0x00007ff99ec50000 - 0x00007ff99ec6f000 	C:\Program Files\Java\jdk-21\bin\java.dll
0x00007ff9d2ea0000 - 0x00007ff9d3742000 	C:\WINDOWS\System32\SHELL32.dll
0x00007ff9d1650000 - 0x00007ff9d178f000 	C:\WINDOWS\System32\wintypes.dll
0x00007ff9cec50000 - 0x00007ff9cf56d000 	C:\WINDOWS\SYSTEM32\windows.storage.dll
0x00007ff9d2d80000 - 0x00007ff9d2e8c000 	C:\WINDOWS\System32\SHCORE.dll
0x00007ff9d3cc0000 - 0x00007ff9d3d29000 	C:\WINDOWS\System32\shlwapi.dll
0x00007ff9d0d90000 - 0x00007ff9d0dbb000 	C:\WINDOWS\SYSTEM32\profapi.dll
0x00007ff98ab80000 - 0x00007ff98ac57000 	C:\Program Files\Java\jdk-21\bin\jsvml.dll
0x00007ff9b3c10000 - 0x00007ff9b3c20000 	C:\Program Files\Java\jdk-21\bin\net.dll
0x00007ff9cb040000 - 0x00007ff9cb16c000 	C:\WINDOWS\SYSTEM32\WINHTTP.dll
0x00007ff9d0310000 - 0x00007ff9d0379000 	C:\WINDOWS\system32\mswsock.dll
0x00007ff99c9a0000 - 0x00007ff99c9b6000 	C:\Program Files\Java\jdk-21\bin\nio.dll
0x00007ff99b1f0000 - 0x00007ff99b208000 	C:\Program Files\Java\jdk-21\bin\zip.dll
0x00007ff9b1b60000 - 0x00007ff9b1b6a000 	C:\Program Files\Java\jdk-21\bin\management.dll
0x00007ff9b1780000 - 0x00007ff9b178b000 	C:\Program Files\Java\jdk-21\bin\management_ext.dll
0x00007ff9d20f0000 - 0x00007ff9d20f8000 	C:\WINDOWS\System32\PSAPI.DLL
0x00007ff9afd50000 - 0x00007ff9afd67000 	C:\WINDOWS\system32\napinsp.dll
0x00007ff9afbf0000 - 0x00007ff9afc0b000 	C:\WINDOWS\system32\pnrpnsp.dll
0x00007ff9cf930000 - 0x00007ff9cfa28000 	C:\WINDOWS\SYSTEM32\DNSAPI.dll
0x00007ff9cf900000 - 0x00007ff9cf92d000 	C:\WINDOWS\SYSTEM32\IPHLPAPI.DLL
0x00007ff9d2e90000 - 0x00007ff9d2e99000 	C:\WINDOWS\System32\NSI.dll
0x00007ff9ae690000 - 0x00007ff9ae6a1000 	C:\WINDOWS\System32\winrnr.dll
0x00007ff9afb00000 - 0x00007ff9afb1f000 	C:\WINDOWS\system32\wshbth.dll
0x00007ff9ae660000 - 0x00007ff9ae681000 	C:\WINDOWS\system32\nlansp_c.dll
0x00007ff9c9960000 - 0x00007ff9c996a000 	C:\Windows\System32\rasadhlp.dll
0x00007ff9c9be0000 - 0x00007ff9c9c64000 	C:\WINDOWS\System32\fwpuclnt.dll
0x00007ff9d0570000 - 0x00007ff9d058b000 	C:\WINDOWS\SYSTEM32\CRYPTSP.dll
0x00007ff9cfdf0000 - 0x00007ff9cfe27000 	C:\WINDOWS\system32\rsaenh.dll
0x00007ff9d0400000 - 0x00007ff9d0428000 	C:\WINDOWS\SYSTEM32\USERENV.dll
0x00007ff9d0560000 - 0x00007ff9d056c000 	C:\WINDOWS\SYSTEM32\CRYPTBASE.dll
0x00007ff9b16b0000 - 0x00007ff9b16b9000 	C:\Program Files\Java\jdk-21\bin\extnet.dll
0x00007ff9b15f0000 - 0x00007ff9b15fe000 	C:\Program Files\Java\jdk-21\bin\sunmscapi.dll
0x00007ff9d0f20000 - 0x00007ff9d1087000 	C:\WINDOWS\System32\CRYPT32.dll
0x00007ff9d0700000 - 0x00007ff9d072d000 	C:\WINDOWS\SYSTEM32\ncrypt.dll
0x00007ff9d06c0000 - 0x00007ff9d06f7000 	C:\WINDOWS\SYSTEM32\NTASN1.dll
0x00007ff9afc20000 - 0x00007ff9afc30000 	C:\Program Files\Java\jdk-21\bin\verify.dll

dbghelp: loaded successfully - version: 4.0.5 - missing functions: none
symbol engine: initialized successfully - sym options: 0x614 - pdb path: .;C:\Program Files\Java\jdk-21\bin;C:\WINDOWS\SYSTEM32;C:\WINDOWS\WinSxS\amd64_microsoft.windows.common-controls_6595b64144ccf1df_6.0.22621.5547_none_27104afb73855772;C:\Program Files\Java\jdk-21\bin\server

VM Arguments:
jvm_args: -XX:+ShowCodeDetailsInExceptionMessages -Dspring.jmx.enabled=true -Dmanagement.endpoints.jmx.exposure.include=* -Dspring.application.admin.enabled=true -Dspring.boot.project.name=cozyhavenstay -Djava.rmi.server.hostname=localhost -Dcom.sun.management.jmxremote.port=45556 -Dcom.sun.management.jmxremote.authenticate=false -Dcom.sun.management.jmxremote.ssl=false 
java_command: com.hexa.cozyhavenstay.CozyhavenstayApplication
java_class_path (initial): C:\Users\isudh\OneDrive\Desktop\Before Payment\Final_Updated_FB\cozyhavenstay\target\classes;C:\Users\isudh\.m2\repository\org\springframework\boot\spring-boot-starter-actuator\3.5.0\spring-boot-starter-actuator-3.5.0.jar;C:\Users\isudh\.m2\repository\org\springframework\boot\spring-boot-starter\3.5.0\spring-boot-starter-3.5.0.jar;C:\Users\isudh\.m2\repository\jakarta\annotation\jakarta.annotation-api\2.1.1\jakarta.annotation-api-2.1.1.jar;C:\Users\isudh\.m2\repository\org\yaml\snakeyaml\2.4\snakeyaml-2.4.jar;C:\Users\isudh\.m2\repository\org\springframework\boot\spring-boot-actuator-autoconfigure\3.5.0\spring-boot-actuator-autoconfigure-3.5.0.jar;C:\Users\isudh\.m2\repository\org\springframework\boot\spring-boot-actuator\3.5.0\spring-boot-actuator-3.5.0.jar;C:\Users\isudh\.m2\repository\com\fasterxml\jackson\datatype\jackson-datatype-jsr310\2.19.0\jackson-datatype-jsr310-2.19.0.jar;C:\Users\isudh\.m2\repository\io\micrometer\micrometer-observation\1.15.0\micrometer-observation-1.15.0.jar;C:\Users\isudh\.m2\repository\io\micrometer\micrometer-commons\1.15.0\micrometer-commons-1.15.0.jar;C:\Users\isudh\.m2\repository\io\micrometer\micrometer-jakarta9\1.15.0\micrometer-jakarta9-1.15.0.jar;C:\Users\isudh\.m2\repository\io\micrometer\micrometer-core\1.15.0\micrometer-core-1.15.0.jar;C:\Users\isudh\.m2\repository\org\hdrhistogram\HdrHistogram\2.2.2\HdrHistogram-2.2.2.jar;C:\Users\isudh\.m2\repository\org\latencyutils\LatencyUtils\2.0.3\LatencyUtils-2.0.3.jar;C:\Users\isudh\.m2\repository\org\springframework\boot\spring-boot-starter-data-jpa\3.5.0\spring-boot-starter-data-jpa-3.5.0.jar;C:\Users\isudh\.m2\repository\org\springframework\boot\spring-boot-starter-jdbc\3.5.0\spring-boot-starter-jdbc-3.5.0.jar;C:\Users\isudh\.m2\repository\com\zaxxer\HikariCP\6.3.0\HikariCP-6.3.0.jar;C:\Users\isudh\.m2\repository\org\springframework\spring-jdbc\6.2.7\spring-jdbc-6.2.7.jar;C:\Users\isudh\.m2\repository\org\hibernate\orm\hibernate-core\6.6.15.Final\hibernate-core-6.6.15.Final.jar;C:\Users\isudh\.m2\repository\jakarta\persistence\jakarta.persistence-api\3.1.0\jakarta.persistence-api-3.1.0.jar;C:\Users\isudh\.m2\repository\jakarta\transaction\jakarta.transaction-api\2.0.1\jakarta.transaction-api-2.0.1.jar;C:\Users\isudh\.m2\repository\org\jboss\logging\jboss-logging\3.6.1.Final\jboss-logging-3.6.1.Final.jar;C:\Users\isudh\.m2\repository\org\hibernate\common\hibernate-commons-annotations\7.0.3.Final\hibernate-commons-annotations-7.0.3.Final.jar;C:\Users\isudh\.m2\repository\io\smallrye\jandex\3.2.0\jandex-3.2.0.jar;C:\Users\isudh\.m2\repository\com\fasterxml\classmate\1.7.0\classmate-1.7.0.jar;C:\Users\isudh\.m2\repository\net\bytebuddy\byte-buddy\1.17.5\byte-buddy-1.17.5.jar;C:\Users\isudh\.m2\repository\org\glassfish\jaxb\jaxb-runtime\4.0.5\jaxb-runtime-4.0.5.jar;C:\Users\isudh\.m2\repository\org\glassfish\jaxb\jaxb-core\4.0.5\jaxb-core-4.0.5.jar;C:\Users\isudh\.m2\repository\org\glassfish\jaxb\txw2\4.0.5\txw2-4.0.5.jar;C:\Users\isudh\.m2\repository\com\sun\istack\istack-commons-runtime\4.1.2\istack-commons-runtime-4.1.2.jar;C:\Users\isudh\.m2\repository\jakarta\inject\jakarta.inject-api\2.0.1\jakarta.inject-api-2.0.1.jar;C:\Users\isudh\.m2\repository\org\antlr\antlr4-runtime\4.13.0\antlr4-runtime-4.13.0.jar;C:\Users\isudh\.m2\repository\org\springframework\data\spring-data-jpa\3.5.0\spring-data-jpa-3.5.0.jar;C:\Users\isudh\.m2\repository\org\springframework\data\spring-data-commons\3.5.0\spring-data-commons-3.5.0.jar;C:\Users\isudh\.m2\repository\org\springframework\spring-orm\6.2.7\spring-orm-6.2.7.jar;C:\Users\isudh\.m2\repository\org\springframework\spring-context\6.2.7\spring-context-6.2.7.jar;C:\Users\isudh\.m2\repository\org\springframework\spring-tx\6.2.7\spring-tx-6.2.7.jar;C:\Users\isudh\.m2\repository\org\springframework\spring-beans\6.2.7\spring-beans-6.2.7.jar;C:\Users\isudh\.m2\repository\org\slf4j\slf4j-api\2.0.17\slf4j-api-2.0.17.jar;C:\Users\isudh\.m2\repository\org\springframework\spring-aspects\6.2.7\spring-aspects-6.2.7.jar;C:\Users\isudh\.m2\repository\org\aspectj\aspectjweaver\1.9.24\aspectjweaver-1.9.24.jar;C:\Users\isudh\.m2\repository\org\springframework\boot\spring-boot-starter-security\3.5.0\spring-boot-starter-security-3.5.0.jar;C:\Users\isudh\.m2\repository\org\springframework\spring-aop\6.2.7\spring-aop-6.2.7.jar;C:\Users\isudh\.m2\repository\org\springframework\security\spring-security-config\6.5.0\spring-security-config-6.5.0.jar;C:\Users\isudh\.m2\repository\org\springframework\security\spring-security-web\6.5.0\spring-security-web-6.5.0.jar;C:\Users\isudh\.m2\repository\org\springframework\spring-expression\6.2.7\spring-expression-6.2.7.jar;C:\Users\isudh\.m2\repository\org\springframework\boot\spring-boot-starter-validation\3.5.0\spring-boot-starter-validation-3.5.0.jar;C:\Users\isudh\.m2\repository\org\apache\tomcat\embed\tomcat-embed-el\10.1.41\tomcat-embed-el-10.1.41.jar;C:\Users\isudh\.m2\repository\org\hibernate\validator\hibernate-validator\8.0.2.Final\hibernate-validator-8.0.2.Final.jar;C:\Users\isudh\.m2\repository\jakarta\validation\jakarta.validation-api\3.0.2\jakarta.validation-api-3.0.2.jar;C:\Users\isudh\.m2\repository\org\springframework\boot\spring-boot-starter-web\3.5.0\spring-boot-starter-web-3.5.0.jar;C:\Users\isudh\.m2\repository\org\springframework\boot\spring-boot-starter-json\3.5.0\spring-boot-starter-json-3.5.0.jar;C:\Users\isudh\.m2\repository\com\fasterxml\jackson\datatype\jackson-datatype-jdk8\2.19.0\jackson-datatype-jdk8-2.19.0.jar;C:\Users\isudh\.m2\repository\com\fasterxml\jackson\module\jackson-module-parameter-names\2.19.0\jackson-module-parameter-names-2.19.0.jar;C:\Users\isudh\.m2\repository\org\springframework\boot\spring-boot-starter-tomcat\3.5.0\spring-boot-starter-tomcat-3.5.0.jar;C:\Users\isudh\.m2\repository\org\apache\tomcat\embed\tomcat-embed-core\10.1.41\tomcat-embed-core-10.1.41.jar;C:\Users\isudh\.m2\repository\org\apache\tomcat\embed\tomcat-embed-websocket\10.1.41\tomcat-embed-websocket-10.1.41.jar;C:\Users\isudh\.m2\repository\org\springframework\spring-web\6.2.7\spring-web-6.2.7.jar;C:\Users\isudh\.m2\repository\org\springframework\spring-webmvc\6.2.7\spring-webmvc-6.2.7.jar;C:\Users\isudh\.m2\repository\org\springframework\boot\spring-boot-starter-mail\3.5.0\spring-boot-starter-mail-3.5.0.jar;C:\Users\isudh\.m2\repository\org\springframework\spring-context-support\6.2.7\spring-context-support-6.2.7.jar;C:\Users\isudh\.m2\repository\org\eclipse\angus\jakarta.mail\2.0.3\jakarta.mail-2.0.3.jar;C:\Users\isudh\.m2\repository\jakarta\activation\jakarta.activation-api\2.1.3\jakarta.activation-api-2.1.3.jar;C:\Users\isudh\.m2\repository\org\eclipse\angus\angus-activation\2.0.2\angus-activation-2.0.2.jar;C:\Users\isudh\.m2\repository\com\mysql\mysql-connector-j\9.2.0\mysql-connector-j-9.2.0.jar;C:\Users\isudh\.m2\repository\org\projectlombok\lombok\1.18.38\lombok-1.18.38.jar;C:\Users\isudh\.m2\repository\org\springframework\boot\spring-boot-devtools\3.5.0\spring-boot-devtools-3.5.0.jar;C:\Users\isudh\.m2\repository\org\springframework\boot\spring-boot\3.5.0\spring-boot-3.5.0.jar;C:\Users\isudh\.m2\repository\org\springframework\boot\spring-boot-autoconfigure\3.5.0\spring-boot-autoconfigure-3.5.0.jar;C:\Users\isudh\.m2\repository\io\jsonwebtoken\jjwt-api\0.12.5\jjwt-api-0.12.5.jar;C:\Users\isudh\.m2\repository\io\jsonwebtoken\jjwt-impl\0.12.5\jjwt-impl-0.12.5.jar;C:\Users\isudh\.m2\repository\io\jsonwebtoken\jjwt-jackson\0.12.5\jjwt-jackson-0.12.5.jar;C:\Users\isudh\.m2\repository\com\fasterxml\jackson\core\jackson-databind\2.19.0\jackson-databind-2.19.0.jar;C:\Users\isudh\.m2\repository\com\fasterxml\jackson\core\jackson-annotations\2.19.0\jackson-annotations-2.19.0.jar;C:\Users\isudh\.m2\repository\com\fasterxml\jackson\core\jackson-core\2.19.0\jackson-core-2.19.0.jar;C:\Users\isudh\.m2\repository\jakarta\xml\bind\jakarta.xml.bind-api\4.0.2\jakarta.xml.bind-api-4.0.2.jar;C:\Users\isudh\.m2\repository\org\springframework\spring-core\6.2.7\spring-core-6.2.7.jar;C:\Users\isudh\.m2\repository\org\springframework\spring-jcl\6.2.7\spring-jcl-6.2.7.jar;C:\Users\isudh\.m2\repository\org\springframework\security\spring-security-core\6.5.0\spring-security-core-6.5.0.jar;C:\Users\isudh\.m2\repository\org\springframework\security\spring-security-crypto\6.5.0\spring-security-crypto-6.5.0.jar;C:\Users\isudh\.m2\repository\com\razorpay\razorpay-java\1.4.3\razorpay-java-1.4.3.jar;C:\Users\isudh\.m2\repository\com\squareup\okhttp3\okhttp\3.10.0\okhttp-3.10.0.jar;C:\Users\isudh\.m2\repository\com\squareup\okio\okio\1.14.0\okio-1.14.0.jar;C:\Users\isudh\.m2\repository\com\squareup\okhttp3\logging-interceptor\3.10.0\logging-interceptor-3.10.0.jar;C:\Users\isudh\.m2\repository\commons-codec\commons-codec\1.18.0\commons-codec-1.18.0.jar;C:\Users\isudh\.m2\repository\org\apache\commons\commons-text\1.3\commons-text-1.3.jar;C:\Users\isudh\.m2\repository\org\apache\commons\commons-lang3\3.17.0\commons-lang3-3.17.0.jar;C:\Users\isudh\.m2\repository\org\json\json\20240303\json-20240303.jar;C:\Users\isudh\.m2\repository\org\springframework\boot\spring-boot-starter-logging\3.5.0\spring-boot-starter-logging-3.5.0.jar;C:\Users\isudh\.m2\repository\ch\qos\logback\logback-classic\1.5.18\logback-classic-1.5.18.jar;C:\Users\isudh\.m2\repository\ch\qos\logback\logback-core\1.5.18\logback-core-1.5.18.jar;C:\Users\isudh\.m2\repository\org\apache\logging\log4j\log4j-to-slf4j\2.24.3\log4j-to-slf4j-2.24.3.jar;C:\Users\isudh\.m2\repository\org\apache\logging\log4j\log4j-api\2.24.3\log4j-api-2.24.3.jar;C:\Users\isudh\.m2\repository\org\slf4j\jul-to-slf4j\2.0.17\jul-to-slf4j-2.0.17.jar
Launcher Type: SUN_STANDARD

[Global flags]
     intx CICompilerCount                          = 4                                         {product} {ergonomic}
     uint ConcGCThreads                            = 2                                         {product} {ergonomic}
     uint G1ConcRefinementThreads                  = 8                                         {product} {ergonomic}
   size_t G1HeapRegionSize                         = 1048576                                   {product} {ergonomic}
    uintx GCDrainStackTargetSize                   = 64                                        {product} {ergonomic}
   size_t InitialHeapSize                          = 130023424                                 {product} {ergonomic}
     bool ManagementServer                         = true                                      {product} {command line}
   size_t MarkStackSize                            = 4194304                                   {product} {ergonomic}
   size_t MaxHeapSize                              = 2055208960                                {product} {ergonomic}
   size_t MaxNewSize                               = 1233125376                                {product} {ergonomic}
   size_t MinHeapDeltaBytes                        = 1048576                                   {product} {ergonomic}
   size_t MinHeapSize                              = 8388608                                   {product} {ergonomic}
    uintx NonNMethodCodeHeapSize                   = 5839372                                {pd product} {ergonomic}
    uintx NonProfiledCodeHeapSize                  = 122909434                              {pd product} {ergonomic}
    uintx ProfiledCodeHeapSize                     = 122909434                              {pd product} {ergonomic}
    uintx ReservedCodeCacheSize                    = 251658240                              {pd product} {ergonomic}
     bool SegmentedCodeCache                       = true                                      {product} {ergonomic}
     bool ShowCodeDetailsInExceptionMessages       = true                                   {manageable} {command line}
   size_t SoftMaxHeapSize                          = 2055208960                             {manageable} {ergonomic}
     bool UseCompressedOops                        = true                           {product lp64_product} {ergonomic}
     bool UseG1GC                                  = true                                      {product} {ergonomic}
     bool UseLargePagesIndividualAllocation        = false                                  {pd product} {ergonomic}

Logging:
Log output configuration:
 #0: stdout all=warning uptime,level,tags foldmultilines=false
 #1: stderr all=off uptime,level,tags foldmultilines=false

Environment Variables:
JAVA_HOME=C:\Program Files\Java\jdk-21
CLASSPATH=.;".;C:\Program Files\Java\jdk-23\lib\*";
PATH=C:\Program Files\Java\jdk-21\bin;C:\app\SudharsanaInbakumar\product\23ai\dbhomeFree\bin;C:\Oracle18cXE\dbhomeXE\bin;C:\Program Files\Python311\Scripts\;C:\Program Files\Python311\;C:\Program Files\Python37\Scripts\;C:\Program Files\Python37\;C:\WINDOWS\system32;C:\WINDOWS;C:\WINDOWS\System32\Wbem;C:\WINDOWS\System32\WindowsPowerShell\v1.0\;C:\WINDOWS\System32\OpenSSH\;C:\Program Files\MySQL\MySQL Server 8.0\bin;C:\Program Files\Microsoft SQL Server\150\Tools\Binn\;C:\Program Files\dotnet\;C:\Program Files (x86)\Tesseract-OCR;C:\Users\isudh\anaconda3;C:\Users\isudh\anaconda3;C:\Program Files\nodejs\;C:\Program Files\Java\jdk-23\bin;C:\Program Files\Git\cmd;C:\Program Files\gradle-8.14.1\bin;C:\Program Files\JetBrains\PyCharm Community Edition 2023.2.1\bin;;C:\Users\isudh\AppData\Local\Programs\Microsoft VS Code\bin;C:\src\flutter\bin;C:\Program Files\Android\Android Studio\bin;C:\Users\isudh\AppData\Local\Microsoft\WindowsApps;C:\Program Files\Java\jdk-21\bin;C:\hadoop-env\hadoop-3.2.2\bin;C:\hadoop-env\hadoop-3.2.2\bin;C:\Program Files\MongoDB\Server\7.0\bin;C:\Users\isudh\AppData\Roaming\npm;C:\Users\isudh\AppData\Local\Muse Hub\lib;C:\Program Files\Java\jdk-21\bin;C:\Users\isudh\apache-maven-3.9.9\bin;C:\Program Files\Java\jdk-23\bin;C:\app\SudharsanaInbakumar\product\21c\dbhomeXE\bin;C:\Program Files\Java\jdk-21\bin;
USERNAME=Sudharsana Inbakumar
LANG=en_US.UTF-8
OS=Windows_NT
PROCESSOR_IDENTIFIER=Intel64 Family 6 Model 140 Stepping 1, GenuineIntel
TMP=C:\Users\isudh\AppData\Local\Temp
TEMP=C:\Users\isudh\AppData\Local\Temp




Periodic native trim disabled

---------------  S Y S T E M  ---------------

OS:
 Windows 11 , 64 bit Build 22621 (10.0.22621.5415)
OS uptime: 5 days 3:27 hours

CPU: total 8 (initial active 8) (4 cores per cpu, 2 threads per core) family 6 model 140 stepping 1 microcode 0xb4, cx8, cmov, fxsr, ht, mmx, 3dnowpref, sse, sse2, sse3, ssse3, sse4.1, sse4.2, popcnt, lzcnt, tsc, tscinvbit, avx, avx2, aes, erms, clmul, bmi1, bmi2, adx, avx512f, avx512dq, avx512cd, avx512bw, avx512vl, sha, fma, vzeroupper, avx512_vpopcntdq, avx512_vpclmulqdq, avx512_vaes, avx512_vnni, clflush, clflushopt, clwb, avx512_vbmi2, avx512_vbmi, rdtscp, rdpid, fsrm, gfni, avx512_bitalg, f16c, pku, cet_ibt, cet_ss, avx512_ifma
Processor Information for processor 0
  Max Mhz: 2401, Current Mhz: 1100, Mhz Limit: 2376
Processor Information for processor 1
  Max Mhz: 2401, Current Mhz: 1100, Mhz Limit: 2376
Processor Information for processor 2
  Max Mhz: 2401, Current Mhz: 1100, Mhz Limit: 2376
Processor Information for processor 3
  Max Mhz: 2401, Current Mhz: 2400, Mhz Limit: 2376
Processor Information for processor 4
  Max Mhz: 2401, Current Mhz: 1100, Mhz Limit: 2376
Processor Information for processor 5
  Max Mhz: 2401, Current Mhz: 1100, Mhz Limit: 2376
Processor Information for processor 6
  Max Mhz: 2401, Current Mhz: 1100, Mhz Limit: 2376
Processor Information for processor 7
  Max Mhz: 2401, Current Mhz: 1100, Mhz Limit: 2376

Memory: 4k page, system-wide physical 7834M (308M free)
TotalPageFile size 16026M (AvailPageFile size 40M)
current process WorkingSet (physical memory assigned to process): 317M, peak: 320M
current process commit charge ("private bytes"): 390M, peak: 478M

vm_info: Java HotSpot(TM) 64-Bit Server VM (21.0.6+8-LTS-188) for windows-amd64 JRE (21.0.6+8-LTS-188), built on 2024-12-03T10:50:54Z by "mach5one" with MS VC++ 17.6 (VS2022)

END.
